// Jest Snapshot v1, https://goo.gl/fbAQLP

exports[`ScoreChart component should match snapshot 1`] = `
<div>
  <div
    class="chart"
  >
    <svg
      class="score-chart"
      focusable="false"
      height="210"
      width="210"
    >
      <title
        id="titleID"
      >
        Your submission score
      </title>
      <desc
        id="descID"
      >
        50 out of 100
      </desc>
      <g
        class="arcs"
        role="presentation"
      >
        <g
          class="arc quality filled"
          focusable="true"
          tabindex="0"
          transform="translate(105, 105)"
        >
          <desc>
            Quality Measures 30 out of 60
          </desc>
          <path
            d="M6.3375471855875526e-15,-103.5A103.5,103.5,0,0,1,101.77834755184973,18.799414076371672L78.66925414635729,14.530948078354914A80,80,0,0,0,4.898587196589413e-15,-80Z"
          />
        </g>
        <g
          class="arc quality empty"
          tabindex="-1"
          transform="translate(105, 105)"
        >
          <desc />
          <path
            d="M101.77834755184973,18.799414076371672A103.5,103.5,0,0,1,-36.97339709441724,96.67066725381872L-28.578471184090617,74.72128869860384A80,80,0,0,0,78.66925414635729,14.530948078354914Z"
          />
        </g>
        <g
          class="arc quality transparent"
          tabindex="-1"
          transform="translate(105, 105)"
        >
          <desc />
          <path
            d="M-36.97339709441724,96.67066725381872A103.5,103.5,0,0,1,-50.65474724844733,90.2571137428841L-39.15342782488682,69.76395265150461A80,80,0,0,0,-28.578471184090617,74.72128869860384Z"
          />
        </g>
        <g
          class="arc aci filled"
          focusable="true"
          tabindex="0"
          transform="translate(105, 105)"
        >
          <desc>
            Advancing Care Info 15 out of 30
          </desc>
          <path
            d="M-50.65474724844733,90.2571137428841A103.5,103.5,0,0,1,-101.77834755184973,18.79941407637173L-78.66925414635729,14.53094807835496A80,80,0,0,0,-39.15342782488682,69.76395265150461Z"
          />
        </g>
        <g
          class="arc aci empty"
          tabindex="-1"
          transform="translate(105, 105)"
        >
          <desc />
          <path
            d="M-101.77834755184973,18.79941407637173A103.5,103.5,0,0,1,-79.55497896707813,-66.20615773134517L-61.491771182282605,-51.17384172471125A80,80,0,0,0,-78.66925414635729,14.53094807835496Z"
          />
        </g>
        <g
          class="arc aci transparent"
          tabindex="-1"
          transform="translate(105, 105)"
        >
          <desc />
          <path
            d="M-79.55497896707813,-66.20615773134517A103.5,103.5,0,0,1,-69.06749696150186,-77.08392091398136L-53.385504897779214,-59.5817746195025A80,80,0,0,0,-61.491771182282605,-51.17384172471125Z"
          />
        </g>
        <g
          class="arc ia filled"
          focusable="true"
          tabindex="0"
          transform="translate(105, 105)"
        >
          <desc>
            Improvement Activities 5 out of 10
          </desc>
          <path
            d="M-69.06749696150186,-77.08392091398136A103.5,103.5,0,0,1,-43.93126833364699,-93.71389258054062L-33.956535910065305,-72.43585899945168A80,80,0,0,0,-53.385504897779214,-59.5817746195025Z"
          />
        </g>
        <g
          class="arc ia empty"
          tabindex="-1"
          transform="translate(105, 105)"
        >
          <desc />
          <path
            d="M-43.93126833364699,-93.71389258054062A103.5,103.5,0,0,1,-15.069720860573184,-102.39703859577388L-11.64809341880053,-79.1474694460088A80,80,0,0,0,-33.956535910065305,-72.43585899945168Z"
          />
        </g>
        <g
          class="arc ia transparent"
          tabindex="-1"
          transform="translate(105, 105)"
        >
          <desc />
          <path
            d="M-15.069720860573184,-102.39703859577388A103.5,103.5,0,0,1,-2.0286557443468859e-13,-103.5L-1.5680430874178828e-13,-80A80,80,0,0,0,-11.64809341880053,-79.1474694460088Z"
          />
        </g>
      </g>
      <g
        text-anchor="middle"
        transform="translate(105, 105)"
      >
        <text
          class="chart-title"
          y="4"
        >
          50
        </text>
        <text
          class="chart-subtitle"
          y="24"
        >
          OUT OF 100
        </text>
      </g>
    </svg>
    <div
      class="chart-tooltip off"
    />
    <div
      class="chart-legend-toggler"
    >
      <button
        aria-pressed="false"
        type="button"
      >
        Show Legend
        <svg
          aria-hidden="true"
          class="right-icon"
          focusable="false"
        >
          <use
            xlink:href="#chevron-down"
          />
        </svg>
      </button>
    </div>
    <ul
      class="chart-legend"
    />
  </div>
</div>
`;
